<html>
<body>
<pre>
<h1>µVision Build Log</h1>
<h2>Tool Versions:</h2>
IDE-Version: µVision V5.15
Copyright (C) 2015 ARM Ltd and ARM Germany GmbH. All rights reserved.
License Information: Jeff Cron, University of Evansville, LIC=----
 
Tool Versions:
Toolchain:       MDK-Lite  Version: 5.15.0
Toolchain Path:  C:\Keil_v5\ARM\ARMCC\Bin
C Compiler:      Armcc.exe V5.05 update 2 (build 169)
Assembler:       Armasm.exe V5.05 update 2 (build 169)
Linker/Locator:  ArmLink.exe V5.05 update 2 (build 169)
Library Manager: ArmAr.exe V5.05 update 2 (build 169)
Hex Converter:   FromElf.exe V5.05 update 2 (build 169)
CPU DLL:         SARMCM3.DLL V5.15.0
Dialog DLL:      DCM.DLL V1.13.2.0
Target DLL:      STLink\ST-LINKIII-KEIL_SWO.dll V2.0.15.0_KEIL
Dialog DLL:      TCM.DLL V1.14.5.0
 
<h2>Project:</h2>
C:\Users\aa472\Desktop\454project3\P3.uvprojx
Project File Date:  04/25/2019

<h2>Output:</h2>
*** Using Compiler 'V5.05 update 2 (build 169)', folder: 'C:\Keil_v5\ARM\ARMCC\Bin'
Build target 'Target 1'
compiling P3.c...
stml432kc.h(178): warning:  #1-D: last line of file ends without a newline
  #define USART_ICR_TTCF 1 << 6
P3.c(14): warning:  #1295-D: Deprecated declaration USART1_Init - give arg types
  void USART1_Init();
P3.c(115): warning:  #223-D: function "sprintf" declared implicitly
                sprintf(message,"%c: %d",names[currentSelection],values[currentSelection]);
P3.c(124): warning:  #223-D: function "sprintf" declared implicitly
                sprintf(message,"T: %d  P: %d  I: %d  D: %d",values[0],values[1],values[2],values[3]);
P3.c(29): warning:  #550-D: variable "lastConv" was set but never used
        int lastConv=0;
P3.c(35): warning:  #550-D: variable "p" was set but never used
        int p,i,d;
P3.c(41): warning:  #177-D: variable "temp" was declared but never referenced
    char temp[12];
P3.c(255): warning:  #68-D: integer conversion resulted in a change of sign
        
SART1_CR1 &= ~
SART_CR1_UE;
P3.c(260): warning:  #68-D: integer conversion resulted in a change of sign
        
SART1_CR1 &= ~
SART_CR1_M0;
P3.c(261): warning:  #68-D: integer conversion resulted in a change of sign
        
SART1_CR1 &= ~
SART_CR1_M1;
P3.c(267): warning:  #68-D: integer conversion resulted in a change of sign
        
SART1_CR2 &= ~
SART_CR2_STOP;
P3.c(276): warning:  #68-D: integer conversion resulted in a change of sign
        
SART1_CR1 &= ~
SART_CR1_OVER8;
P3.c: 12 warnings, 0 errors
linking...
.\Objects\P3.axf: Warning: L6988W: Ignoring unknown patch sdcomp-29491-629360.
Program Size: Code=2732 RO-data=428 RW-data=40 ZI-data=1632  
Finished: 0 information, 1 warning and 0 error messages.
".\Objects\P3.axf" - 0 Error(s), 13 Warning(s).

<h2>Software Packages used:</h2>

Package Vendor: ARM
                http://www.keil.com/pack/ARM.CMSIS.5.3.0.pack
                ARM::CMSIS:CORE:5.1.1
                CMSIS (Cortex Microcontroller Software Interface Standard)
   * Component: CORE Version: 5.1.1

Package Vendor: Keil
                http://www.keil.com/pack/Keil.STM32L4xx_DFP.2.2.0.pack
                Keil::Device:Startup:1.3.1
                STMicroelectronics STM32L4 Series Device Support, Drivers and Examples
   * Component: Startup Version: 1.3.1

<h2>Collection of Component include folders:</h2>
  C:\Users\aa472\Desktop\454project3\RTE
  C:\Keil_v5\ARM\PACK\ARM\CMSIS\5.3.0\CMSIS\Include
  C:\Keil_v5\ARM\PACK\Keil\STM32L4xx_DFP\2.2.0\Drivers\CMSIS\Device\ST\STM32L4xx\Include

<h2>Collection of Component Files used:</h2>

   * Component: ARM::CMSIS:CORE:5.1.1

   * Component: Keil::Device:Startup:1.3.1
      Include file:  Drivers\CMSIS\Device\ST\STM32L4xx\Include\stm32l4xx.h
      Source file:   MDK\Device\Source\ARM\STM32L4xx_SB_OPT.s
      Source file:   Drivers\CMSIS\Device\ST\STM32L4xx\Source\Templates\arm\startup_stm32l432xx.s
      Source file:   Drivers\CMSIS\Device\ST\STM32L4xx\Source\Templates\system_stm32l4xx.c
</pre>
</body>
</html>
